== GitHub destinations (HTTP status per cited URL)
200 https://github.com/generalbusiness-ai/gitseq/blob/0afa98aa26be6756682f28defb081043ecc8efa2/internal/app/app.go#L2316
200 https://github.com/generalbusiness-ai/gitseq/blob/0afa98aa26be6756682f28defb081043ecc8efa2/internal/app/app.go#L2387
200 https://github.com/generalbusiness-ai/gitseq/blob/0afa98aa26be6756682f28defb081043ecc8efa2/internal/app/app.go#L2508
200 https://github.com/generalbusiness-ai/gitseq/blob/0afa98aa26be6756682f28defb081043ecc8efa2/internal/app/app.go#L2568
200 https://github.com/generalbusiness-ai/gitseq/blob/0afa98aa26be6756682f28defb081043ecc8efa2/internal/app/app.go#L2575
200 https://github.com/generalbusiness-ai/gitseq/blob/0afa98aa26be6756682f28defb081043ecc8efa2/internal/app/app.go#L2584
200 https://github.com/generalbusiness-ai/gitseq/blob/0afa98aa26be6756682f28defb081043ecc8efa2/internal/app/app.go#L2629
200 https://github.com/generalbusiness-ai/gitseq/blob/0afa98aa26be6756682f28defb081043ecc8efa2/internal/app/app.go#L2643
200 https://github.com/generalbusiness-ai/gitseq/blob/0afa98aa26be6756682f28defb081043ecc8efa2/internal/kernel/kernel.go#L797
200 https://github.com/generalbusiness-ai/gitseq/blob/0afa98aa26be6756682f28defb081043ecc8efa2/internal/kernel/kernel.go#L869
200 https://github.com/generalbusiness-ai/gitseq/blob/0afa98aa26be6756682f28defb081043ecc8efa2/internal/service/server.go#L570
200 https://github.com/generalbusiness-ai/gitseq/blob/0afa98aa26be6756682f28defb081043ecc8efa2/internal/workroom/fold.go#L3171
200 https://github.com/generalbusiness-ai/gitseq/blob/0afa98aa26be6756682f28defb081043ecc8efa2/internal/workroom/fold.go#L539
200 https://github.com/generalbusiness-ai/gitseq/blob/0afa98aa26be6756682f28defb081043ecc8efa2/ui/src/components/RebuildNotice.tsx#L13
200 https://github.com/generalbusiness-ai/gitseq/blob/0afa98aa26be6756682f28defb081043ecc8efa2/ui/src/lib/store.ts#L45
200 https://github.com/generalbusiness-ai/gitseq/blob/0afa98aa26be6756682f28defb081043ecc8efa2/ui/src/lib/store.ts#L47
200 https://github.com/generalbusiness-ai/gitseq/blob/0afa98aa26be6756682f28defb081043ecc8efa2/ui/src/lib/store.ts#L78
200 https://github.com/generalbusiness-ai/gitseq/blob/0afa98aa26be6756682f28defb081043ecc8efa2/ui/src/lib/store.ts#L91
404
