COMMAND ['go', 'test', '-race', '-count=1', '-overlay', '/tmp/gitseq-authoring-82f-planner-controls-overlay.json', './cmd/gs', '-run', 'TestPlanner', '-v']
=== RUN   TestPlannerRetiredReplacementAddresseeRefusesBeforeRetirement
git:sha1:14c28b76760d5f4e71be65c913923fd30c71b0a1#git:sha1:efc76cbdd1ecf527aca105818225e8cc7082af75
    gitseq-request-authoring-21b7-retired-addressee_test.go:11: refusal=request body.to: addresses no known actor "@second" after a fresh re-read of the configuration, original=open retired=false
--- PASS: TestPlannerRetiredReplacementAddresseeRefusesBeforeRetirement (3.38s)
=== RUN   TestPlannerReusedReplacementKeyDoesNotBypassPreflight
git:sha1:7beca9895d31807fd04dfe6c84ffc752b0cd771e#git:sha1:e35131afa04f147bdd682fe23e5528d1cd06a29f
git:sha1:7beca9895d31807fd04dfe6c84ffc752b0cd771e#git:sha1:a7e1d0f569f149f686594daeb59fb541eba38850
    gitseq-request-authoring-21b7-reused-replacement-key_test.go:21: refused: idempotency key reused with different intent: "collision/request" already names an accepted act this filing does not rebuild; original status=open, retired=false
--- PASS: TestPlannerReusedReplacementKeyDoesNotBypassPreflight (6.14s)
=== RUN   TestPlannerChangedRequestDestinationIsDifferentIntent
git:sha1:6ac63a684a472687e5059a36d32105bbc73a2c86#git:sha1:1b65a638ff18c6df5ab2266babfd2d64bc470323
--- PASS: TestPlannerChangedRequestDestinationIsDifferentIntent (6.29s)
=== RUN   TestPlannerAcceptedRequestRetrySurvivesDeletedRef
git:sha1:b2e90dd66d5ba0c62b36b181014715d33fb77345#git:sha1:77db93b381ae10bf3a7fadc2eb0d0e80a54940e1
git:sha1:b2e90dd66d5ba0c62b36b181014715d33fb77345#git:sha1:77db93b381ae10bf3a7fadc2eb0d0e80a54940e1
--- PASS: TestPlannerAcceptedRequestRetrySurvivesDeletedRef (5.15s)
=== RUN   TestPlannerExplicitEmptyHoldOwnerRefuses
--- PASS: TestPlannerExplicitEmptyHoldOwnerRefuses (1.26s)
=== RUN   TestPlannerLegacyAcceptedRequestRetriesThroughCLI
git:sha1:60bf74df115764b59aa8a841d8753d751d3079a8#git:sha1:a703404c6278eb5ce136baeb53e257bf51285bc9
--- PASS: TestPlannerLegacyAcceptedRequestRetriesThroughCLI (2.28s)
=== RUN   TestPlannerInvalidReplacementLeavesOldAssignmentLive
git:sha1:be08b11051d165f55e08c44bcf89f81c0e015186#git:sha1:89cb920081874f7838a118bb754d1449f4d9a94c
    gitseq-request-authoring-planner-reassign-preflight_test.go:11: replacement refused: request state: request states no result: name a target, inherit one, or state no_git_artifact; original commitment: {Request:git:sha1:be08b11051d165f55e08c44bcf89f81c0e015186#git:sha1:89cb920081874f7838a118bb754d1449f4d9a94c Requester:5970024847ebad8a2d1522ab27b8d2a110bcc843ed3509b70a9d0c39bee9a9fa AddressedTo:8077e00ccf651df43b460054fb71065f447a2469a62dbdafd2b795809f96d8c9 Performer: Promise: Report: Status:open SuccessorRequest: Stale:false WaitingOn: TargetRepo: TargetRef: Legacy:false HoldOwner: Release: Approval: Candidate: LatestResolution: Terminal: ApprovedNotLanded:false LandingReceipt:}
--- PASS: TestPlannerInvalidReplacementLeavesOldAssignmentLive (2.58s)
PASS
ok  	github.com/generalbusiness-ai/gitseq/cmd/gs	28.523s
