=== RUN   TestAdmissionReplaysExactRetriesWithoutRejudging
=== PAUSE TestAdmissionReplaysExactRetriesWithoutRejudging
=== RUN   TestAdmissionRefusesWhenItsWorldAndTheFrontierDisagree
=== PAUSE TestAdmissionRefusesWhenItsWorldAndTheFrontierDisagree
=== RUN   TestBoundRepositoryIsVerifiableWithoutItsInterpreter
=== PAUSE TestBoundRepositoryIsVerifiableWithoutItsInterpreter
=== RUN   TestBoundRepositoryRefusesAnotherFoldVersion
=== PAUSE TestBoundRepositoryRefusesAnotherFoldVersion
=== RUN   TestSelectionIsFixedAtOpenAgainstALaterReplacement
=== PAUSE TestSelectionIsFixedAtOpenAgainstALaterReplacement
=== CONT  TestAdmissionReplaysExactRetriesWithoutRejudging
=== CONT  TestSelectionIsFixedAtOpenAgainstALaterReplacement
=== CONT  TestBoundRepositoryRefusesAnotherFoldVersion
=== CONT  TestBoundRepositoryIsVerifiableWithoutItsInterpreter
=== CONT  TestAdmissionRefusesWhenItsWorldAndTheFrontierDisagree
--- PASS: TestAdmissionRefusesWhenItsWorldAndTheFrontierDisagree (0.61s)
--- PASS: TestBoundRepositoryRefusesAnotherFoldVersion (1.01s)
--- PASS: TestBoundRepositoryIsVerifiableWithoutItsInterpreter (1.09s)
--- PASS: TestSelectionIsFixedAtOpenAgainstALaterReplacement (1.33s)
--- PASS: TestAdmissionReplaysExactRetriesWithoutRejudging (1.42s)
PASS
ok  	github.com/generalbusiness-ai/gitseq/internal/app	1.866s
