=== RUN   TestPlannerChangedRequestDestinationIsDifferentIntent
git:sha1:1ee63f5197bdcb2185bc63a9d0f950735a2208ca#git:sha1:dc964ca5d43f0653797d4ff80884dcbfb9bbdd82
--- PASS: TestPlannerChangedRequestDestinationIsDifferentIntent (2.05s)
=== RUN   TestPlannerAcceptedRequestRetrySurvivesDeletedRef
git:sha1:6953872cd90546635f6854d2e64bf4ddc0286300#git:sha1:23b3c793f39966ce29115250d32c9e5aa9794a9d
git:sha1:6953872cd90546635f6854d2e64bf4ddc0286300#git:sha1:23b3c793f39966ce29115250d32c9e5aa9794a9d
--- PASS: TestPlannerAcceptedRequestRetrySurvivesDeletedRef (2.16s)
=== RUN   TestPlannerExplicitEmptyHoldOwnerRefuses
--- PASS: TestPlannerExplicitEmptyHoldOwnerRefuses (0.95s)
=== RUN   TestCLIRequestStatesItsResult
=== RUN   TestCLIRequestStatesItsResult/by_value_resolves_the_target_head_from_the_ref
git:sha1:8974da70b2e868956c72fc1a3ff1e843b827c4b0#git:sha1:669420133632a2b01b296233d908a6ce5f9160e9
=== RUN   TestCLIRequestStatesItsResult/no_git_artifact_owes_no_landing
git:sha1:8974da70b2e868956c72fc1a3ff1e843b827c4b0#git:sha1:af5bee1f4c2dba1ea240868f7f2418bf7d611438
=== RUN   TestCLIRequestStatesItsResult/inherit_takes_the_parent's_destination
git:sha1:8974da70b2e868956c72fc1a3ff1e843b827c4b0#git:sha1:37d719460b45a014635ce615700b9df996d814ae
git:sha1:8974da70b2e868956c72fc1a3ff1e843b827c4b0#git:sha1:9e7e7cabff19107c4044b63f37f59db230f5102b
=== RUN   TestCLIRequestStatesItsResult/held_names_its_owner
git:sha1:8974da70b2e868956c72fc1a3ff1e843b827c4b0#git:sha1:64dc3212aa894b8f704abd727dda418f0180d0a1
--- PASS: TestCLIRequestStatesItsResult (4.32s)
    --- PASS: TestCLIRequestStatesItsResult/by_value_resolves_the_target_head_from_the_ref (0.83s)
    --- PASS: TestCLIRequestStatesItsResult/no_git_artifact_owes_no_landing (0.65s)
    --- PASS: TestCLIRequestStatesItsResult/inherit_takes_the_parent's_destination (1.29s)
    --- PASS: TestCLIRequestStatesItsResult/held_names_its_owner (0.68s)
=== RUN   TestCLIRequestRefusesBeforeAnyAppend
=== RUN   TestCLIRequestRefusesBeforeAnyAppend/no_choice
=== RUN   TestCLIRequestRefusesBeforeAnyAppend/mixed_choice
=== RUN   TestCLIRequestRefusesBeforeAnyAppend/mixed_inherit
=== RUN   TestCLIRequestRefusesBeforeAnyAppend/foreign_target_repo
=== RUN   TestCLIRequestRefusesBeforeAnyAppend/own_target_repo_is_still_not_caller_input
=== RUN   TestCLIRequestRefusesBeforeAnyAppend/caller-supplied_target_head
=== RUN   TestCLIRequestRefusesBeforeAnyAppend/non-branch_ref
=== RUN   TestCLIRequestRefusesBeforeAnyAppend/missing_ref
=== RUN   TestCLIRequestRefusesBeforeAnyAppend/target_is_not_a_word_the_fold_takes
=== RUN   TestCLIRequestRefusesBeforeAnyAppend/hold_without_a_landing
=== RUN   TestCLIRequestRefusesBeforeAnyAppend/hold_owner_without_a_hold
--- PASS: TestCLIRequestRefusesBeforeAnyAppend (1.72s)
    --- PASS: TestCLIRequestRefusesBeforeAnyAppend/no_choice (0.06s)
    --- PASS: TestCLIRequestRefusesBeforeAnyAppend/mixed_choice (0.10s)
    --- PASS: TestCLIRequestRefusesBeforeAnyAppend/mixed_inherit (0.04s)
    --- PASS: TestCLIRequestRefusesBeforeAnyAppend/foreign_target_repo (0.08s)
    --- PASS: TestCLIRequestRefusesBeforeAnyAppend/own_target_repo_is_still_not_caller_input (0.09s)
    --- PASS: TestCLIRequestRefusesBeforeAnyAppend/caller-supplied_target_head (0.09s)
    --- PASS: TestCLIRequestRefusesBeforeAnyAppend/non-branch_ref (0.09s)
    --- PASS: TestCLIRequestRefusesBeforeAnyAppend/missing_ref (0.10s)
    --- PASS: TestCLIRequestRefusesBeforeAnyAppend/target_is_not_a_word_the_fold_takes (0.05s)
    --- PASS: TestCLIRequestRefusesBeforeAnyAppend/hold_without_a_landing (0.04s)
    --- PASS: TestCLIRequestRefusesBeforeAnyAppend/hold_owner_without_a_hold (0.09s)
=== RUN   TestCLIRequestMeasuresTheRefAtEachFiling
git:sha1:05de065f100ee8c34159f33631c09086bd1e7d0c#git:sha1:3104a4c9c94c4481330d7ff3f1e4aefcd6450c43
git:sha1:05de065f100ee8c34159f33631c09086bd1e7d0c#git:sha1:3104a4c9c94c4481330d7ff3f1e4aefcd6450c43
git:sha1:05de065f100ee8c34159f33631c09086bd1e7d0c#git:sha1:439d0d16f4cce35a9361ef19fee756de4dba66fc
--- PASS: TestCLIRequestMeasuresTheRefAtEachFiling (2.79s)
=== RUN   TestCLIRequestReplaysAnExistingLegacyAct
--- PASS: TestCLIRequestReplaysAnExistingLegacyAct (1.32s)
PASS
ok  	github.com/generalbusiness-ai/gitseq/cmd/gs	16.754s
