=== RUN   TestCodexPortGateAdditionalBoundaries
=== RUN   TestCodexPortGateAdditionalBoundaries/malformed_target_with_allowed_host
=== RUN   TestCodexPortGateAdditionalBoundaries/unsupported_protocol_with_allowed_host
=== RUN   TestCodexPortGateAdditionalBoundaries/IPv4_range
=== RUN   TestCodexPortGateAdditionalBoundaries/bracketed_IPv6_range
=== RUN   TestCodexPortGateAdditionalBoundaries/documented_unbracketed_IPv6_loopback
=== RUN   TestCodexPortGateAdditionalBoundaries/second_document_wildcard_port
--- PASS: TestCodexPortGateAdditionalBoundaries (0.00s)
    --- PASS: TestCodexPortGateAdditionalBoundaries/malformed_target_with_allowed_host (0.00s)
    --- PASS: TestCodexPortGateAdditionalBoundaries/unsupported_protocol_with_allowed_host (0.00s)
    --- PASS: TestCodexPortGateAdditionalBoundaries/IPv4_range (0.00s)
    --- PASS: TestCodexPortGateAdditionalBoundaries/bracketed_IPv6_range (0.00s)
    --- PASS: TestCodexPortGateAdditionalBoundaries/documented_unbracketed_IPv6_loopback (0.00s)
    --- PASS: TestCodexPortGateAdditionalBoundaries/second_document_wildcard_port (0.00s)
=== RUN   TestCodexMalformedPortBoundaries
=== RUN   TestCodexMalformedPortBoundaries/127.0.0.1:3300:
=== RUN   TestCodexMalformedPortBoundaries/[::1:3300:3000
=== RUN   TestCodexMalformedPortBoundaries/::1]:3300:3000
=== RUN   TestCodexMalformedPortBoundaries/[[::1]]:3300:3000
--- PASS: TestCodexMalformedPortBoundaries (0.00s)
    --- PASS: TestCodexMalformedPortBoundaries/127.0.0.1:3300: (0.00s)
    --- PASS: TestCodexMalformedPortBoundaries/[::1:3300:3000 (0.00s)
    --- PASS: TestCodexMalformedPortBoundaries/::1]:3300:3000 (0.00s)
    --- PASS: TestCodexMalformedPortBoundaries/[[::1]]:3300:3000 (0.00s)
=== RUN   TestCodexDuplicateHostField
--- PASS: TestCodexDuplicateHostField (0.00s)
PASS
ok  	github.com/generalbusiness-ai/gitseq/spike/forge	0.306s
