=== RUN   TestAdmissionProfileRequiresGovernanceFields
--- PASS: TestAdmissionProfileRequiresGovernanceFields (0.00s)
=== RUN   TestAdmissionProfileIsRatifiableGovernance
--- PASS: TestAdmissionProfileIsRatifiableGovernance (0.00s)
=== RUN   TestAdmissionProfileSelectionAtPrefixesAndRetirementFallback
=== RUN   TestAdmissionProfileSelectionAtPrefixesAndRetirementFallback/before_ratification
=== RUN   TestAdmissionProfileSelectionAtPrefixesAndRetirementFallback/first_activation
=== RUN   TestAdmissionProfileSelectionAtPrefixesAndRetirementFallback/last_activation
=== RUN   TestAdmissionProfileSelectionAtPrefixesAndRetirementFallback/retirement_restores_predecessor
--- PASS: TestAdmissionProfileSelectionAtPrefixesAndRetirementFallback (0.00s)
    --- PASS: TestAdmissionProfileSelectionAtPrefixesAndRetirementFallback/before_ratification (0.00s)
    --- PASS: TestAdmissionProfileSelectionAtPrefixesAndRetirementFallback/first_activation (0.00s)
    --- PASS: TestAdmissionProfileSelectionAtPrefixesAndRetirementFallback/last_activation (0.00s)
    --- PASS: TestAdmissionProfileSelectionAtPrefixesAndRetirementFallback/retirement_restores_predecessor (0.00s)
=== RUN   TestAdmissionProfileStalenessDoesNotDeselect
--- PASS: TestAdmissionProfileStalenessDoesNotDeselect (0.00s)
=== RUN   TestAdmissionProfileUnavailableIsTypedAndDoesNotFallback
--- PASS: TestAdmissionProfileUnavailableIsTypedAndDoesNotFallback (0.00s)
PASS
ok  	github.com/generalbusiness-ai/gitseq/internal/workroom	0.253s
