same known profile false status retained true qualifier current
✔ same known profile running=false (121.741583ms)
different known profile false status retained false qualifier current
✔ different known profile running=false (52.336167ms)
old retained status has no profile false status retained false qualifier current
✔ old retained status has no profile running=false (36.565416ms)
probe has no profile false status retained false qualifier current
✔ probe has no profile running=false (30.472583ms)
probe declares empty profile false status retained false qualifier current
✔ probe declares empty profile running=false (32.084041ms)
neither side names a profile false status retained false qualifier current
✔ neither side names a profile running=false (33.011667ms)
same known profile true status retained true qualifier Showing frontier old00000 at depth 1 from before the resident began verifying durable history; 1 of 10 records verified. Nothing here is current until that finishes.
✔ same known profile running=true (32.226875ms)
different known profile true status retained false qualifier current
✔ different known profile running=true (28.674583ms)
old retained status has no profile true status retained false qualifier current
✔ old retained status has no profile running=true (35.362666ms)
probe has no profile true status retained false qualifier current
✔ probe has no profile running=true (33.488583ms)
probe declares empty profile true status retained false qualifier current
✔ probe declares empty profile running=true (33.251791ms)
neither side names a profile true status retained false qualifier current
✔ neither side names a profile running=true (28.908917ms)
✔ a newly returned verified status restores availability after a profile drop (29.456917ms)
ℹ tests 13
ℹ suites 0
ℹ pass 13
ℹ fail 0
ℹ cancelled 0
ℹ skipped 0
ℹ todo 0
ℹ duration_ms 868.329166
