=== RUN   TestPlannerSelectorCannotOmitHeldCompanion
=== PAUSE TestPlannerSelectorCannotOmitHeldCompanion
=== RUN   TestPlannerAllExaminedHeldCompanionRefuses
=== PAUSE TestPlannerAllExaminedHeldCompanionRefuses
=== RUN   TestPlannerSelectorCannotOmitWrongTargetCompanion
=== PAUSE TestPlannerSelectorCannotOmitWrongTargetCompanion
=== RUN   TestPlannerAllExaminedWrongTargetCompanionRefuses
=== PAUSE TestPlannerAllExaminedWrongTargetCompanionRefuses
=== CONT  TestPlannerSelectorCannotOmitHeldCompanion
=== CONT  TestPlannerSelectorCannotOmitWrongTargetCompanion
=== CONT  TestPlannerAllExaminedHeldCompanionRefuses
=== CONT  TestPlannerAllExaminedWrongTargetCompanionRefuses
--- PASS: TestPlannerAllExaminedWrongTargetCompanionRefuses (5.28s)
git:sha1:c974a1de10786e3270e9bf4445894c33f5af7386#git:sha1:0153cb1acadfde81f11ba37af737c46769366add
git:sha1:c974a1de10786e3270e9bf4445894c33f5af7386#git:sha1:5e908a38e60a48900b166e63a904831a9f35dc69
git:sha1:c974a1de10786e3270e9bf4445894c33f5af7386#git:sha1:997d7a56c30fb9d9a0c4ca59730f7a6bd6088a06
=== NAME  TestPlannerAllExaminedHeldCompanionRefuses
    planner_binding_omission_test.go:106: safe refusal: combined implementation git:sha1:c974a1de10786e3270e9bf4445894c33f5af7386#git:sha1:b029d5a35e5a6e394a4219e63bd5b27457fb3fb2 is held; a held landing must be delivered on its own
--- PASS: TestPlannerAllExaminedHeldCompanionRefuses (6.45s)
warning: merge has no structured authorization; phase-one compatibility permits this merge
warning: merge has no structured authorization; phase-one compatibility permits this merge
e8b95ae5d2241d7619f1f0a619991d2ce279b8e2
76fbc0b7bc28f60934a55941ee1efd006102b1dd
=== NAME  TestPlannerSelectorCannotOmitWrongTargetCompanion
    planner_binding_omission_test.go:158: SECURITY: selecting only first allowed a candidate with an examined held implementation to land without its release
=== NAME  TestPlannerSelectorCannotOmitHeldCompanion
    planner_binding_omission_test.go:52: SECURITY: selecting only first allowed a candidate with an examined held implementation to land without its release
--- FAIL: TestPlannerSelectorCannotOmitWrongTargetCompanion (8.77s)
--- FAIL: TestPlannerSelectorCannotOmitHeldCompanion (8.77s)
FAIL
FAIL	github.com/generalbusiness-ai/gitseq/cmd/gs	9.217s
FAIL
