2026-09-09T12:39:59Z load 3.16 4.48 5.24 procs 4
2026-09-09T12:40:59Z load 3.14 4.24 5.10 procs 4
2026-09-09T12:41:59Z load 3.09 4.02 4.96 procs 4
2026-09-09T12:42:59Z load 3.24 3.93 4.86 procs 4
2026-09-09T12:43:59Z load 2.80 3.68 4.70 procs 4
2026-09-09T12:44:59Z load 2.83 3.54 4.58 procs 4
2026-09-09T12:45:59Z load 2.97 3.44 4.47 procs 4
2026-09-09T12:46:59Z load 2.88 3.33 4.35 procs 4
2026-09-09T12:47:59Z load 3.14 3.30 4.27 procs 4
2026-09-09T12:48:59Z load 3.25 3.30 4.20 procs 4
2026-09-09T12:49:59Z load 2.91 3.21 4.11 procs 4
2026-09-09T12:50:59Z load 3.27 3.25 4.06 procs 4
2026-09-09T12:51:59Z load 2.80 3.12 3.96 procs 4
2026-09-09T12:52:59Z load 3.37 3.21 3.93 procs 4
2026-09-09T12:53:59Z load 2.78 3.06 3.82 procs 4
2026-09-09T12:54:59Z load 4.10 3.32 3.86 procs 4
2026-09-09T12:55:59Z load 3.53 3.29 3.81 procs 4
2026-09-09T12:56:59Z load 3.83 3.43 3.83 procs 4
2026-09-09T12:57:59Z load 3.27 3.32 3.76 procs 4
2026-09-09T12:58:59Z load 3.89 3.57 3.82 procs 4
2026-09-09T12:59:59Z load 3.76 3.58 3.81 procs 4
2026-09-09T13:00:59Z load 3.23 3.45 3.74 procs 4
2026-09-09T13:01:59Z load 3.80 3.59 3.77 procs 4
2026-09-09T13:02:59Z load 4.20 3.72 3.80 procs 4
2026-09-09T13:03:59Z load 3.14 3.49 3.71 procs 4
2026-09-09T13:04:59Z load 3.30 3.45 3.68 procs 4
2026-09-09T13:05:59Z load 3.19 3.36 3.62 procs 4
2026-09-09T13:06:59Z load 3.03 3.29 3.58 procs 4
2026-09-09T13:08:00Z load 4.32 3.55 3.65 procs 4
2026-09-09T13:09:00Z load 3.52 3.50 3.63 procs 4
2026-09-09T13:10:00Z load 4.06 3.69 3.69 procs 4
2026-09-09T13:11:00Z load 3.17 3.50 3.62 procs 4
2026-09-09T13:12:00Z load 2.67 3.30 3.53 procs 4
2026-09-09T13:13:00Z load 2.72 3.21 3.48 procs 4
2026-09-09T13:14:00Z load 3.64 3.35 3.51 procs 4
2026-09-09T13:15:00Z load 3.40 3.33 3.49 procs 4
2026-09-09T13:16:00Z load 3.17 3.25 3.45 procs 4
2026-09-09T13:17:00Z load 3.36 3.32 3.46 procs 4
2026-09-09T13:18:00Z load 3.24 3.30 3.44 procs 4
2026-09-09T13:19:00Z load 3.01 3.23 3.40 procs 4
2026-09-09T13:20:00Z load 3.03 3.20 3.38 procs 4
2026-09-09T13:21:00Z load 3.92 3.38 3.43 procs 4
2026-09-09T13:22:00Z load 4.02 3.52 3.48 procs 4
2026-09-09T13:23:00Z load 3.11 3.35 3.42 procs 4
2026-09-09T13:24:00Z load 3.29 3.35 3.41 procs 4
2026-09-09T13:25:00Z load 3.48 3.38 3.42 procs 4
2026-09-09T13:26:00Z load 3.79 3.49 3.45 procs 4
2026-09-09T13:27:00Z load 4.40 3.74 3.55 procs 4
2026-09-09T13:28:00Z load 4.12 3.78 3.58 procs 4
2026-09-09T13:29:00Z load 4.30 3.92 3.64 procs 4
2026-09-09T13:30:00Z load 4.24 3.94 3.67 procs 4
